[Tue Dec 12 13:44:12 2017] Processing sodaq_autonomo (platform: atmelsam, board: sodaq_autonomo, framework: arduino)
------------------------------------------------------------------------------------------------------------------------------------------------------------------------------------
arm-none-eabi-g++ -o "/home/dmamalis/Documents/PlatformIO/Projects/171211-152642-sodaq_autonomo/src/LSM9DS1.ino.cpp" -x c++ -fpreprocessed -dD -E "/tmp/tmp7UA3Rl"
Collected 9 compatible libraries
Looking for dependencies...
Library Dependency Graph
|-- <LSM9DS1> (/home/dmamalis/Documents/PlatformIO/Projects/171211-152642-sodaq_autonomo/lib/LSM9DS1)
|   |-- <Wire> v1.0 (/home/dmamalis/.platformio/packages/framework-arduinosam/libraries/__cores__/sodaq/Wire)
|   |-- <SPI> v1.0 (/home/dmamalis/.platformio/packages/framework-arduinosam/libraries/__cores__/sodaq/SPI)
arm-none-eabi-g++ -o .pioenvs/sodaq_autonomo/src/LSM9DS1.ino.o -c -fno-rtti -fno-exceptions -std=gnu++11 -fno-threadsafe-statics -g -Os -ffunction-sections -fdata-sections -Wall -mthumb -mcpu=cortex-m0plus -nostdlib --param max-inline-insns-single=500 -DF_CPU=48000000L -DUSBCON -DPLATFORMIO=30201 -D__SAMD21J18A__ -DARDUINO_ARCH_SAMD -DARDUINO_SODAQ_AUTONOMO -DARDUINO=10616 -DUSB_VID=0x2341 -DUSB_PID=0x804d "-DUSB_PRODUCT=\"SODAQ Autonomo\"" -DUSB_MANUFACTURER=\"SODAQ\" -I/home/dmamalis/.platformio/packages/framework-arduinosam/cores/sodaq -I/home/dmamalis/.platformio/packages/framework-arduinosam/system/samd/CMSIS/CMSIS/Include -I/home/dmamalis/.platformio/packages/framework-arduinosam/system/samd/CMSIS-Atmel/CMSIS/Device/ATMEL -I/home/dmamalis/.platformio/packages/framework-arduinosam/variants/sodaq_autonomo -I/home/dmamalis/.platformio/packages/framework-arduinosam/libraries/__cores__/sodaq/Wire -I/home/dmamalis/.platformio/packages/framework-arduinosam/libraries/__cores__/sodaq/SPI -Ilib/LSM9DS1 -Isrc src/LSM9DS1.ino.cpp
arm-none-eabi-size -B -d .pioenvs/sodaq_autonomo/firmware.elf
text	   data	    bss	    dec	    hex	filename
35412	    272	   2228	  37912	   9418	.pioenvs/sodaq_autonomo/firmware.elf
=========================================================================== [SUCCESS] Took 1.94 seconds ===========================================================================
[Tue Dec 12 13:44:54 2017] Processing sodaq_autonomo (platform: atmelsam, board: sodaq_autonomo, framework: arduino)
------------------------------------------------------------------------------------------------------------------------------------------------------------------------------------
arm-none-eabi-g++ -o "/home/dmamalis/Documents/PlatformIO/Projects/171211-152642-sodaq_autonomo/src/LSM9DS1.ino.cpp" -x c++ -fpreprocessed -dD -E "/tmp/tmpu1RWmn"
Collected 9 compatible libraries
Looking for dependencies...
Library Dependency Graph
|-- <LSM9DS1> (/home/dmamalis/Documents/PlatformIO/Projects/171211-152642-sodaq_autonomo/lib/LSM9DS1)
|   |-- <Wire> v1.0 (/home/dmamalis/.platformio/packages/framework-arduinosam/libraries/__cores__/sodaq/Wire)
|   |-- <SPI> v1.0 (/home/dmamalis/.platformio/packages/framework-arduinosam/libraries/__cores__/sodaq/SPI)
arm-none-eabi-g++ -o .pioenvs/sodaq_autonomo/src/LSM9DS1.ino.o -c -fno-rtti -fno-exceptions -std=gnu++11 -fno-threadsafe-statics -g -Os -ffunction-sections -fdata-sections -Wall -mthumb -mcpu=cortex-m0plus -nostdlib --param max-inline-insns-single=500 -DF_CPU=48000000L -DUSBCON -DPLATFORMIO=30201 -D__SAMD21J18A__ -DARDUINO_ARCH_SAMD -DARDUINO_SODAQ_AUTONOMO -DARDUINO=10616 -DUSB_VID=0x2341 -DUSB_PID=0x804d "-DUSB_PRODUCT=\"SODAQ Autonomo\"" -DUSB_MANUFACTURER=\"SODAQ\" -I/home/dmamalis/.platformio/packages/framework-arduinosam/cores/sodaq -I/home/dmamalis/.platformio/packages/framework-arduinosam/system/samd/CMSIS/CMSIS/Include -I/home/dmamalis/.platformio/packages/framework-arduinosam/system/samd/CMSIS-Atmel/CMSIS/Device/ATMEL -I/home/dmamalis/.platformio/packages/framework-arduinosam/variants/sodaq_autonomo -I/home/dmamalis/.platformio/packages/framework-arduinosam/libraries/__cores__/sodaq/Wire -I/home/dmamalis/.platformio/packages/framework-arduinosam/libraries/__cores__/sodaq/SPI -Ilib/LSM9DS1 -Isrc src/LSM9DS1.ino.cpp
arm-none-eabi-g++ -o .pioenvs/sodaq_autonomo/lib/LSM9DS1/LSM9DS1.o -c -fno-rtti -fno-exceptions -std=gnu++11 -fno-threadsafe-statics -g -Os -ffunction-sections -fdata-sections -Wall -mthumb -mcpu=cortex-m0plus -nostdlib --param max-inline-insns-single=500 -DF_CPU=48000000L -DUSBCON -DPLATFORMIO=30201 -D__SAMD21J18A__ -DARDUINO_ARCH_SAMD -DARDUINO_SODAQ_AUTONOMO -DARDUINO=10616 -DUSB_VID=0x2341 -DUSB_PID=0x804d "-DUSB_PRODUCT=\"SODAQ Autonomo\"" -DUSB_MANUFACTURER=\"SODAQ\" -I/home/dmamalis/.platformio/packages/framework-arduinosam/cores/sodaq -I/home/dmamalis/.platformio/packages/framework-arduinosam/system/samd/CMSIS/CMSIS/Include -I/home/dmamalis/.platformio/packages/framework-arduinosam/system/samd/CMSIS-Atmel/CMSIS/Device/ATMEL -I/home/dmamalis/.platformio/packages/framework-arduinosam/variants/sodaq_autonomo -I/home/dmamalis/.platformio/packages/framework-arduinosam/libraries/__cores__/sodaq/Wire -I/home/dmamalis/.platformio/packages/framework-arduinosam/libraries/__cores__/sodaq/SPI -Ilib/LSM9DS1 lib/LSM9DS1/LSM9DS1.cpp
arm-none-eabi-ar rc .pioenvs/sodaq_autonomo/lib/libLSM9DS1.a .pioenvs/sodaq_autonomo/lib/LSM9DS1/LSM9DS1.o
arm-none-eabi-ranlib .pioenvs/sodaq_autonomo/lib/libLSM9DS1.a
arm-none-eabi-g++ -o .pioenvs/sodaq_autonomo/firmware.elf -Os -mthumb -mcpu=cortex-m0plus -Wl,--gc-sections -Wl,--check-sections -Wl,--unresolved-symbols=report-all -Wl,--warn-common -Wl,--warn-section-align --specs=nosys.specs --specs=nano.specs -Wl,-T"flash_with_bootloader.ld" .pioenvs/sodaq_autonomo/src/LSM9DS1.ino.o -L/home/dmamalis/.platformio/packages/framework-arduinosam/variants/sodaq_autonomo/linker_scripts/gcc -L/home/dmamalis/.platformio/packages/framework-arduinosam/system/samd/CMSIS/CMSIS/Lib/GCC -L/home/dmamalis/.platformio/packages/framework-arduinosam/variants/sodaq_autonomo -L.pioenvs/sodaq_autonomo -Wl,--start-group .pioenvs/sodaq_autonomo/libFrameworkArduinoVariant.a .pioenvs/sodaq_autonomo/libFrameworkArduino.a -lc -lgcc -lm -larm_cortexM0l_math .pioenvs/sodaq_autonomo/lib/libWire.a .pioenvs/sodaq_autonomo/lib/libSPI.a .pioenvs/sodaq_autonomo/lib/libLSM9DS1.a -Wl,--end-group
arm-none-eabi-size -B -d .pioenvs/sodaq_autonomo/firmware.elf
arm-none-eabi-objcopy -O binary .pioenvs/sodaq_autonomo/firmware.elf .pioenvs/sodaq_autonomo/firmware.bin
text	   data	    bss	    dec	    hex	filename
35412	    272	   2228	  37912	   9418	.pioenvs/sodaq_autonomo/firmware.elf
=========================================================================== [SUCCESS] Took 2.47 seconds ===========================================================================
